Testing random seeds per version (1.0 to 1.17)...

=== VERSION RESULTS ===
Ver	Pass %	Total	Fail Samples
